// Jest Snapshot v1, https://goo.gl/fbAQLP

exports[`addField 添加表单field 1`] = `
"{
    "type": "object",
    "properties": {
        "a": {
            "type": "object",
            "description": "this is a",
            "properties": {}
        }
    },
    "required": []
}"
`;

exports[`addField 添加表单field1 1`] = `
"{
    "type": "object",
    "properties": {
        "a": {
            "type": "object",
            "description": "this is a",
            "properties": {
                "b": {
                    "type": "string",
                    "description": "this is desc"
                },
                "subA": {
                    "type": "object",
                    "description": "this is desc",
                    "properties": {
                        "aryC": {
                            "type": "array",
                            "description": "this is desc"
                        }
                    },
                    "required": [
                        "aryC"
                    ]
                }
            },
            "required": [
                "b",
                "subA"
            ]
        },
        "first": {
            "type": "object",
            "description": "this is a",
            "properties": {}
        }
    },
    "required": [
        "first"
    ]
}"
`;
